// Jest Snapshot v1, https://goo.gl/fbAQLP

exports[`Pruebas en <FirstComponent /> Debe de hacer match con el snapshot 1`] = `
<div>
  <h1
    data-testid="test-title"
  >
    Legend of Zelda: Breath of the Wild
  </h1>
   
  <p>
    No hay subtitulo
  </p>
  <p>
    Aldahir
  </p>
</div>
`;
