// Jest Snapshot v1, https://goo.gl/fbAQLP

exports[`Pruebas en <FirstComponent /> Debe hacer Match con el Snapshot 1`] = `
<div>
  <h1
    data-testid="test-title"
  >
    Lengend of Zelda
  </h1>
   
  <p>
    No hay subtitulo
  </p>
  <p>
    No hay subtitulo
  </p>
  <p>
    Aldahir
  </p>
</div>
`;
