// Jest Snapshot v1, https://goo.gl/fbAQLP

exports[`Pruebas en <GifItem /> Debe hacer match con el snapshot 1`] = `
<div>
  <div
    class="card"
  >
    <img
      alt="Legend of zelda"
      src="https://google.com.mx/"
      title="Legend of zelda"
    />
    <p>
      Legend of zelda
    </p>
  </div>
</div>
`;
